// Jest Snapshot v1, https://goo.gl/fbAQLP

exports[`Pruebas sobre <TodoList/> debe de mostrarse correctamente  1`] = `
<ul
  className="list-group list-group-flush"
>
  <TodoListItem
    handleRemove={[MockFunction]}
    handleToggle={[MockFunction]}
    index={0}
    key="1"
    todo={
      Object {
        "desc": "Aprender react",
        "done": false,
        "id": 1,
      }
    }
  />
  <TodoListItem
    handleRemove={[MockFunction]}
    handleToggle={[MockFunction]}
    index={1}
    key="2"
    todo={
      Object {
        "desc": "Aprender Angular",
        "done": false,
        "id": 2,
      }
    }
  />
</ul>
`;
