// Jest Snapshot v1, https://goo.gl/fbAQLP

exports[`Prueba de snapShoot de <HookApp/> Debe mostar el componente correctamente 1`] = `
<Fragment>
  <h1>
    Hola mundo
  </h1>
</Fragment>
`;
